app/api/whatsapp/webhook/route.ts(705,67): error TS2345: Argument of type '{ painAtRest?: number | null | undefined; painDuringBowelMovement?: number | null | undefined; bleeding?: boolean | null | undefined; hasFever?: boolean | null | undefined; worry?: string | ... 1 more ... | undefined; otherSymptoms?: string[] | undefined; }' is not assignable to parameter of type 'Partial<PostOpData>'.
  Types of property 'painAtRest' are incompatible.
    Type 'number | null | undefined' is not assignable to type 'number | undefined'.
      Type 'null' is not assignable to type 'number | undefined'.
components/RegistrationWizard.test.tsx(45,1): error TS2578: Unused '@ts-expect-error' directive.
components/RegistrationWizard.test.tsx(48,3): error TS2322: Type 'string' is not assignable to type 'number'.
lib/__tests__/conversational-ai.test.ts(55,19): error TS2352: Conversion of type '{ id: string; name: string; phone: string; email: string; cpf: string; birthDate: Date; userId: string; createdAt: Date; updatedAt: Date; consentGiven: boolean; consentDate: Date; dataSharingConsent: boolean; }' to type '{ id: string; createdAt: Date; updatedAt: Date; name: string; cpf: string | null; dateOfBirth: Date | null; age: number | null; sex: string | null; phone: string; email: string | null; ... 9 more ...; whatsappConsent: boolean; }' may be a mistake because neither type sufficiently overlaps with the other. If this was intentional, convert the expression to 'unknown' first.
  Type '{ id: string; name: string; phone: string; email: string; cpf: string; birthDate: Date; userId: string; createdAt: Date; updatedAt: Date; consentGiven: boolean; consentDate: Date; dataSharingConsent: boolean; }' is missing the following properties from type '{ id: string; createdAt: Date; updatedAt: Date; name: string; cpf: string | null; dateOfBirth: Date | null; age: number | null; sex: string | null; phone: string; email: string | null; ... 9 more ...; whatsappConsent: boolean; }': dateOfBirth, age, sex, isActive, and 8 more.
lib/__tests__/conversational-ai.test.ts(71,19): error TS2352: Conversion of type '{ id: string; patientId: string; userId: string; type: string; date: Date; notes: string; createdAt: Date; updatedAt: Date; hospital: string; protocol: string; anesthesiaType: string; complications: null; duration: null; }' to type '{ id: string; createdAt: Date; updatedAt: Date; userId: string; patientId: string; status: string; type: string; date: Date; hospital: string | null; durationMinutes: number | null; ... 9 more ...; hadFirstBowelMovement: boolean; }' may be a mistake because neither type sufficiently overlaps with the other. If this was intentional, convert the expression to 'unknown' first.
  Type '{ id: string; patientId: string; userId: string; type: string; date: Date; notes: string; createdAt: Date; updatedAt: Date; hospital: string; protocol: string; anesthesiaType: string; complications: null; duration: null; }' is missing the following properties from type '{ id: string; createdAt: Date; updatedAt: Date; userId: string; patientId: string; status: string; type: string; date: Date; hospital: string | null; durationMinutes: number | null; ... 9 more ...; hadFirstBowelMovement: boolean; }': status, durationMinutes, dataCompleteness, mlFeatures, and 8 more.
lib/__tests__/follow-up-scheduler.test.ts(30,38): error TS2339: Property 'mockResolvedValue' does not exist on type '<T extends FollowUpCreateManyArgs>(args?: SelectSubset<T, FollowUpCreateManyArgs<DefaultArgs>> | undefined) => PrismaPromise<BatchPayload>'.
lib/__tests__/follow-up-scheduler.test.ts(44,55): error TS2339: Property 'mock' does not exist on type '<T extends FollowUpCreateManyArgs>(args?: SelectSubset<T, FollowUpCreateManyArgs<DefaultArgs>> | undefined) => PrismaPromise<BatchPayload>'.
lib/__tests__/follow-up-scheduler.test.ts(57,38): error TS2339: Property 'mockResolvedValue' does not exist on type '<T extends FollowUpCreateManyArgs>(args?: SelectSubset<T, FollowUpCreateManyArgs<DefaultArgs>> | undefined) => PrismaPromise<BatchPayload>'.
lib/__tests__/follow-up-scheduler.test.ts(69,55): error TS2339: Property 'mock' does not exist on type '<T extends FollowUpCreateManyArgs>(args?: SelectSubset<T, FollowUpCreateManyArgs<DefaultArgs>> | undefined) => PrismaPromise<BatchPayload>'.
lib/__tests__/follow-up-scheduler.test.ts(82,38): error TS2339: Property 'mockResolvedValue' does not exist on type '<T extends FollowUpCreateManyArgs>(args?: SelectSubset<T, FollowUpCreateManyArgs<DefaultArgs>> | undefined) => PrismaPromise<BatchPayload>'.
lib/__tests__/follow-up-scheduler.test.ts(96,55): error TS2339: Property 'mock' does not exist on type '<T extends FollowUpCreateManyArgs>(args?: SelectSubset<T, FollowUpCreateManyArgs<DefaultArgs>> | undefined) => PrismaPromise<BatchPayload>'.
lib/__tests__/follow-up-scheduler.test.ts(115,38): error TS2339: Property 'mockResolvedValue' does not exist on type '<T extends FollowUpCreateManyArgs>(args?: SelectSubset<T, FollowUpCreateManyArgs<DefaultArgs>> | undefined) => PrismaPromise<BatchPayload>'.
lib/__tests__/follow-up-scheduler.test.ts(133,38): error TS2339: Property 'mockResolvedValue' does not exist on type '<T extends FollowUpCreateManyArgs>(args?: SelectSubset<T, FollowUpCreateManyArgs<DefaultArgs>> | undefined) => PrismaPromise<BatchPayload>'.
lib/__tests__/follow-up-scheduler.test.ts(145,55): error TS2339: Property 'mock' does not exist on type '<T extends FollowUpCreateManyArgs>(args?: SelectSubset<T, FollowUpCreateManyArgs<DefaultArgs>> | undefined) => PrismaPromise<BatchPayload>'.
lib/__tests__/logger.test.ts(29,17): error TS2540: Cannot assign to 'NODE_ENV' because it is a read-only property.
lib/__tests__/logger.test.ts(35,19): error TS2540: Cannot assign to 'NODE_ENV' because it is a read-only property.
lib/__tests__/logger.test.ts(39,34): error TS2339: Property 'mockResolvedValue' does not exist on type '<T extends AuditLogCreateArgs>(args: SelectSubset<T, AuditLogCreateArgs<DefaultArgs>>) => Prisma__AuditLogClient<GetFindResult<$AuditLogPayload<DefaultArgs>, T, PrismaClientOptions>, never, DefaultArgs, PrismaClientOptions>'.
lib/__tests__/logger.test.ts(60,19): error TS2540: Cannot assign to 'NODE_ENV' because it is a read-only property.
lib/__tests__/logger.test.ts(65,34): error TS2339: Property 'mockRejectedValue' does not exist on type '<T extends AuditLogCreateArgs>(args: SelectSubset<T, AuditLogCreateArgs<DefaultArgs>>) => Prisma__AuditLogClient<GetFindResult<$AuditLogPayload<DefaultArgs>, T, PrismaClientOptions>, never, DefaultArgs, PrismaClientOptions>'.
lib/__tests__/logger.test.ts(85,19): error TS2540: Cannot assign to 'NODE_ENV' because it is a read-only property.
lib/__tests__/logger.test.ts(87,34): error TS2339: Property 'mockResolvedValue' does not exist on type '<T extends AuditLogCreateArgs>(args: SelectSubset<T, AuditLogCreateArgs<DefaultArgs>>) => Prisma__AuditLogClient<GetFindResult<$AuditLogPayload<DefaultArgs>, T, PrismaClientOptions>, never, DefaultArgs, PrismaClientOptions>'.
lib/__tests__/logger.test.ts(117,34): error TS2339: Property 'mockResolvedValue' does not exist on type '<T extends AuditLogCreateArgs>(args: SelectSubset<T, AuditLogCreateArgs<DefaultArgs>>) => Prisma__AuditLogClient<GetFindResult<$AuditLogPayload<DefaultArgs>, T, PrismaClientOptions>, never, DefaultArgs, PrismaClientOptions>'.
lib/__tests__/logger.test.ts(139,34): error TS2339: Property 'mockResolvedValue' does not exist on type '<T extends AuditLogCreateArgs>(args: SelectSubset<T, AuditLogCreateArgs<DefaultArgs>>) => Prisma__AuditLogClient<GetFindResult<$AuditLogPayload<DefaultArgs>, T, PrismaClientOptions>, never, DefaultArgs, PrismaClientOptions>'.
lib/__tests__/logger.test.ts(163,34): error TS2339: Property 'mockRejectedValue' does not exist on type '<T extends AuditLogCreateArgs>(args: SelectSubset<T, AuditLogCreateArgs<DefaultArgs>>) => Prisma__AuditLogClient<GetFindResult<$AuditLogPayload<DefaultArgs>, T, PrismaClientOptions>, never, DefaultArgs, PrismaClientOptions>'.
